../Core/Src/stm32g4xx_hal_msp.c:65:6:HAL_MspInit	8	static
../Core/Src/stm32g4xx_hal_msp.c:92:6:HAL_I2C_MspInit	144	static
../Core/Src/stm32g4xx_hal_msp.c:147:6:HAL_I2C_MspDeInit	8	static
../Core/Src/stm32g4xx_hal_msp.c:178:6:HAL_TIM_PWM_MspInit	32	static
../Core/Src/stm32g4xx_hal_msp.c:277:6:HAL_TIM_Base_MspInit	24	static
../Core/Src/stm32g4xx_hal_msp.c:332:6:HAL_TIM_MspPostInit	88	static
../Core/Src/stm32g4xx_hal_msp.c:569:6:HAL_TIM_PWM_MspDeInit	0	static
../Core/Src/stm32g4xx_hal_msp.c:668:6:HAL_TIM_Base_MspDeInit	0	static
../Core/Src/stm32g4xx_hal_msp.c:729:6:HAL_UART_MspInit	136	static
../Core/Src/stm32g4xx_hal_msp.c:786:6:HAL_UART_MspDeInit	8	static
